[2026-07-21 19:25:54] START full notebook run pid=986532
[2026-07-21 19:25:54] notebook=/home/s222393187/Dental/llava_evaluation.ipynb
[2026-07-21 19:25:54] log=/home/s222393187/Dental/runs/full_run_20260721_192554.log
[2026-07-21 19:25:54] output=/home/s222393187/Dental/runs/llava_evaluation_executed_20260721_192554.ipynb
[2026-07-21 19:25:54] CUDA_VISIBLE_DEVICES=1
[2026-07-21 19:25:54] total_cells=121 code_cells=60
[2026-07-21 19:25:55] kernel started
[2026-07-21 19:25:55] CELL 2/120 code 1/60 BEGIN | # Environment check (packages already installed in the dental-llava kernel) import os os.e…
[2026-07-21 19:26:00] CELL 2 DONE OK after 0.1 min
[2026-07-21 19:26:01] CELL 3/120 code 2/60 BEGIN | # Local run — no Google Drive mount needed from pathlib import Path print(f"Working direct…
[2026-07-21 19:26:02] CELL 3 DONE OK after 0.0 min
[2026-07-21 19:26:02] CELL 6/120 code 3/60 BEGIN | from pathlib import Path # Local paths (notebook lives in /home/s222393187/Dental) NOTEBOO…
[2026-07-21 19:26:03] CELL 6 DONE OK after 0.0 min
[2026-07-21 19:26:03] checkpoint saved -> llava_evaluation_executed_20260721_192554.ipynb
[2026-07-21 19:26:04] CELL 8/120 code 4/60 BEGIN | # Core imports and setup import os import gc import torch import json import re import tim…
[2026-07-21 19:26:08] CELL 8 DONE OK after 0.1 min
[2026-07-21 19:26:08] CELL 10/120 code 5/60 BEGIN | # Evaluation metrics classes class EvaluationMetrics: """Comprehensive evaluation metrics …
[2026-07-21 19:26:08] CELL 10 DONE OK after 0.0 min
[2026-07-21 19:26:08] CELL 12/120 code 6/60 BEGIN | # Ground-truth extraction utilities class GroundTruthExtractor: """Extract and parse groun…
[2026-07-21 19:26:08] CELL 12 DONE OK after 0.0 min
[2026-07-21 19:26:08] checkpoint saved -> llava_evaluation_executed_20260721_192554.ipynb
[2026-07-21 19:26:08] CELL 13/120 code 7/60 BEGIN | # Test the improved ground truth extraction print("=== TESTING IMPROVED GROUND TRUTH EXTRA…
[2026-07-21 19:26:08] CELL 13 DONE OK after 0.0 min
[2026-07-21 19:26:08] CELL 15/120 code 8/60 BEGIN | # Enhanced debugging and validation utilities def debug_llava_parsing(case_id: str, llava_…
[2026-07-21 19:26:08] CELL 15 DONE OK after 0.0 min
[2026-07-21 19:26:08] CELL 16/120 code 9/60 BEGIN | # Run debugging analysis on available results print("=" * 80) print(" RUNNING DEBUGGING AN…
[2026-07-21 19:26:08] CELL 16 DONE OK after 0.0 min
[2026-07-21 19:26:08] checkpoint saved -> llava_evaluation_executed_20260721_192554.ipynb
[2026-07-21 19:26:08] CELL 18/120 code 10/60 BEGIN | # LLaVA Model Loading device = "cuda" if torch.cuda.is_available() else ( "mps" if getattr…
