[2026-07-21 20:37:46] RESUME from cell 18 pid=1005530
[2026-07-21 20:37:46] notebook=/home/s222393187/Dental/llava_evaluation.ipynb
[2026-07-21 20:37:46] log=/home/s222393187/Dental/runs/resume_from_18_20260721_203746.log
[2026-07-21 20:37:46] output=/home/s222393187/Dental/runs/llava_evaluation_executed_from18_20260721_203746.ipynb
[2026-07-21 20:37:46] CUDA_VISIBLE_DEVICES=1
[2026-07-21 20:37:46] warmed outputs from llava_evaluation_executed_20260721_192554.ipynb for cells < 18
[2026-07-21 20:37:47] will execute 60 code cells (setup 9 + from-18 51)
[2026-07-21 20:37:49] kernel started
[2026-07-21 20:37:49] SETUP CELL 2 (1/60) BEGIN | # Environment check (packages already installed in the dental-llava kernel) import os os.e…
[2026-07-21 20:38:00] CELL 2 DONE OK after 0.2 min
[2026-07-21 20:38:00] SETUP CELL 3 (2/60) BEGIN | # Local run — no Google Drive mount needed from pathlib import Path print(f"Working direct…
[2026-07-21 20:38:01] CELL 3 DONE OK after 0.0 min
[2026-07-21 20:38:01] SETUP CELL 6 (3/60) BEGIN | from pathlib import Path # Local paths (notebook lives in /home/s222393187/Dental) NOTEBOO…
[2026-07-21 20:38:01] CELL 6 DONE OK after 0.0 min
[2026-07-21 20:38:01] checkpoint saved -> llava_evaluation_executed_from18_20260721_203746.ipynb
[2026-07-21 20:38:01] SETUP CELL 8 (4/60) BEGIN | # Core imports and setup import os import gc import torch import json import re import tim…
[2026-07-21 20:38:08] CELL 8 DONE OK after 0.1 min
[2026-07-21 20:38:08] SETUP CELL 10 (5/60) BEGIN | # Evaluation metrics classes class EvaluationMetrics: """Comprehensive evaluation metrics …
[2026-07-21 20:38:08] CELL 10 DONE OK after 0.0 min
[2026-07-21 20:38:08] SETUP CELL 12 (6/60) BEGIN | # Ground-truth extraction utilities class GroundTruthExtractor: """Extract and parse groun…
[2026-07-21 20:38:08] CELL 12 DONE OK after 0.0 min
[2026-07-21 20:38:09] checkpoint saved -> llava_evaluation_executed_from18_20260721_203746.ipynb
[2026-07-21 20:38:09] SETUP CELL 13 (7/60) BEGIN | # Test the improved ground truth extraction print("=== TESTING IMPROVED GROUND TRUTH EXTRA…
[2026-07-21 20:38:09] CELL 13 DONE OK after 0.0 min
[2026-07-21 20:38:09] SETUP CELL 15 (8/60) BEGIN | # Enhanced debugging and validation utilities def debug_llava_parsing(case_id: str, llava_…
[2026-07-21 20:38:09] CELL 15 DONE OK after 0.0 min
[2026-07-21 20:38:09] SETUP CELL 16 (9/60) BEGIN | # Run debugging analysis on available results print("=" * 80) print(" RUNNING DEBUGGING AN…
[2026-07-21 20:38:09] CELL 16 DONE OK after 0.0 min
[2026-07-21 20:38:10] checkpoint saved -> llava_evaluation_executed_from18_20260721_203746.ipynb
[2026-07-21 20:38:10] RESUME CELL 18 (10/60) BEGIN | # LLaVA Model Loading import os os.environ.setdefault("CUDA_DEVICE_ORDER", "PCI_BUS_ID") o…
[2026-07-21 20:38:29] CELL 18 DONE OK after 0.3 min
[2026-07-21 20:38:29] RESUME CELL 20 (11/60) BEGIN | # LLaVA Inference Functions ''' DENTAL_RADIOLOGY_PROMPT = ( "You are a dental radiology as…
[2026-07-21 20:38:29] CELL 20 DONE OK after 0.0 min
[2026-07-21 20:38:29] RESUME CELL 21 (12/60) BEGIN | # LLaVA Inference Functions DENTAL_RADIOLOGY_PROMPT = ( "You are a dental radiology assist…
[2026-07-21 20:38:29] CELL 21 DONE OK after 0.0 min
[2026-07-21 20:38:30] checkpoint saved -> llava_evaluation_executed_from18_20260721_203746.ipynb
[2026-07-21 20:38:30] RESUME CELL 23 (13/60) BEGIN | # FIXED Text parsing utilities for extracting structured information ''' class FixedDental…
[2026-07-21 20:38:30] CELL 23 DONE OK after 0.0 min
[2026-07-21 20:38:30] RESUME CELL 24 (14/60) BEGIN | # FIXED Text parsing utilities for extracting structured information class FixedDentalRepo…
[2026-07-21 20:38:30] CELL 24 DONE OK after 0.0 min
[2026-07-21 20:38:30] RESUME CELL 25 (15/60) BEGIN | # Timeout context manager @contextmanager def timeout(duration): """Context manager for ti…
[2026-07-21 20:38:30] CELL 25 DONE OK after 0.0 min
[2026-07-21 20:38:31] checkpoint saved -> llava_evaluation_executed_from18_20260721_203746.ipynb
[2026-07-21 20:38:31] RESUME CELL 26 (16/60) BEGIN | # FIXED: Initialize evaluator with correct ground truth extractor # Create a fresh ground …
[2026-07-21 20:38:31] CELL 26 DONE OK after 0.0 min
[2026-07-21 20:38:31] RESUME CELL 27 (17/60) BEGIN | # Timeout context manager ''' @contextmanager def timeout(duration): """Context manager fo…
[2026-07-21 20:38:31] CELL 27 DONE OK after 0.0 min
[2026-07-21 20:38:31] RESUME CELL 29 (18/60) BEGIN | # Debug data paths and find available cases print("=" * 60) print("DEBUGGING DATA PATHS (L…
[2026-07-21 20:38:31] CELL 29 DONE OK after 0.0 min
[2026-07-21 20:38:31] checkpoint saved -> llava_evaluation_executed_from18_20260721_203746.ipynb
[2026-07-21 20:38:31] RESUME CELL 32 (19/60) BEGIN | # Evaluation 1: Single Case Test print("=" * 60) print("EVALUATION 1: Single Case Test") p…
[2026-07-21 20:38:54] CELL 32 DONE OK after 0.4 min
[2026-07-21 20:38:55] RESUME CELL 34 (20/60) BEGIN | # Evaluation 2: 10 Cases Test print("=" * 60) print("EVALUATION 2: 10 Cases Test") print("…
[2026-07-21 20:42:50] CELL 34 DONE OK after 3.9 min
[2026-07-21 20:42:50] RESUME CELL 36 (21/60) BEGIN | # Evaluation 3: 50 Cases Test (if available) ''' print("=" * 60) print("EVALUATION 3: 50 C…
[2026-07-21 20:42:50] CELL 36 DONE OK after 0.0 min
[2026-07-21 20:42:50] checkpoint saved -> llava_evaluation_executed_from18_20260721_203746.ipynb
[2026-07-21 20:42:51] RESUME CELL 38 (22/60) BEGIN | # Comprehensive metrics calculation and visualization def calculate_comprehensive_metrics(…
[2026-07-21 20:42:51] CELL 38 DONE OK after 0.0 min
[2026-07-21 20:42:52] RESUME CELL 40 (23/60) BEGIN | # Comprehensive sklearn metrics evaluation def evaluate_with_sklearn_metrics(results: List…
[2026-07-21 20:42:52] CELL 40 DONE OK after 0.0 min
[2026-07-21 20:42:52] RESUME CELL 41 (24/60) BEGIN | # Run sklearn metrics evaluation on available results print("=" * 60) print("SKLEARN METRI…
[2026-07-21 20:42:53] CELL 41 DONE OK after 0.0 min
[2026-07-21 20:42:53] checkpoint saved -> llava_evaluation_executed_from18_20260721_203746.ipynb
[2026-07-21 20:42:53] RESUME CELL 44 (25/60) BEGIN | # SIMPLE Missing Teeth Detection Prompt - Direct approach MISSING_TEETH_PROMPT = ( "You ar…
[2026-07-21 20:42:53] CELL 44 DONE OK after 0.0 min
[2026-07-21 20:42:53] RESUME CELL 46 (26/60) BEGIN | # IMPROVED Missing Teeth Parser - Enhanced with confidence and validation class MissingTee…
[2026-07-21 20:42:54] CELL 46 DONE OK after 0.0 min
[2026-07-21 20:42:54] RESUME CELL 48 (27/60) BEGIN | # IMPROVED Missing Teeth Inference Function - Enhanced with configurable parameters def ru…
[2026-07-21 20:42:54] CELL 48 DONE OK after 0.0 min
[2026-07-21 20:42:54] checkpoint saved -> llava_evaluation_executed_from18_20260721_203746.ipynb
[2026-07-21 20:42:54] RESUME CELL 50 (28/60) BEGIN | # IMPROVED Missing Teeth Evaluator - Enhanced with better metrics class MissingTeethEvalua…
[2026-07-21 20:42:54] CELL 50 DONE OK after 0.0 min
[2026-07-21 20:42:54] RESUME CELL 52 (29/60) BEGIN | # Add sklearn metrics to missing teeth evaluation from sklearn.metrics import accuracy_sco…
[2026-07-21 20:42:54] CELL 52 DONE OK after 0.0 min
[2026-07-21 20:42:54] RESUME CELL 55 (30/60) BEGIN | # TEST: RAW Missing Teeth Detection (3 Cases) - No Validation print("=" * 60) print("TEST:…
[2026-07-21 20:43:22] CELL 55 DONE OK after 0.5 min
[2026-07-21 20:43:23] checkpoint saved -> llava_evaluation_executed_from18_20260721_203746.ipynb
[2026-07-21 20:43:23] RESUME CELL 57 (31/60) BEGIN | # TEST: RAW Missing Teeth Detection (10 Cases) - No Validation print("=" * 60) print("TEST…
[2026-07-21 20:45:03] CELL 57 DONE OK after 1.7 min
[2026-07-21 20:45:03] RESUME CELL 58 (32/60) BEGIN | # Confusion Matrix and Performance Metrics - Missing Teeth Analysis import matplotlib.pypl…
[2026-07-21 20:45:07] CELL 58 DONE OK after 0.1 min
[2026-07-21 20:45:07] RESUME CELL 60 (33/60) BEGIN | # EVALUATION: RAW Missing Teeth Detection (50 Cases) - No Validation print("=" * 60) print…
[2026-07-21 20:52:47] CELL 60 DONE OK after 7.7 min
[2026-07-21 20:52:47] checkpoint saved -> llava_evaluation_executed_from18_20260721_203746.ipynb
[2026-07-21 20:52:47] RESUME CELL 62 (34/60) BEGIN | # Statistical Performance Analysis import matplotlib.pyplot as plt import seaborn as sns i…
[2026-07-21 20:52:53] CELL 62 DONE with ERROR after 0.1 min | TypeError: Axes.boxplot() got an unexpected keyword argument 'labels'
[2026-07-21 20:52:53] RESUME CELL 63 (35/60) BEGIN | # Confusion Matrix and Performance Metrics - Missing Teeth Analysis import matplotlib.pypl…
[2026-07-21 20:53:00] CELL 63 DONE OK after 0.1 min
[2026-07-21 20:53:00] RESUME CELL 64 (36/60) BEGIN | # Fix Export Function for Raw Results print("="*60) print("FIXING EXPORT FUNCTION FOR RAW …
[2026-07-21 20:53:00] CELL 64 DONE OK after 0.0 min
[2026-07-21 20:53:01] checkpoint saved -> llava_evaluation_executed_from18_20260721_203746.ipynb
[2026-07-21 20:53:01] RESUME CELL 66 (37/60) BEGIN | # BOOTSTRAP ANALYSIS: RAW Missing Teeth Detection Results import numpy as np import pandas…
[2026-07-21 20:53:05] CELL 66 DONE OK after 0.1 min
[2026-07-21 20:53:05] RESUME CELL 69 (38/60) BEGIN | # TEST: VALIDATION THRESHOLD 15 Missing Teeth Detection (10 Cases) print("=" * 60) print("…
[2026-07-21 20:54:12] CELL 69 DONE OK after 1.1 min
[2026-07-21 20:54:13] RESUME CELL 71 (39/60) BEGIN | # EVALUATION: VALIDATION THRESHOLD 15 Missing Teeth Detection (50 Cases) print("=" * 60) p…
[2026-07-21 21:00:31] CELL 71 DONE OK after 6.3 min
[2026-07-21 21:00:33] checkpoint saved -> llava_evaluation_executed_from18_20260721_203746.ipynb
[2026-07-21 21:00:33] RESUME CELL 73 (40/60) BEGIN | # BOOTSTRAP ANALYSIS: VALIDATION THRESHOLD 15 Missing Teeth Detection Results print("=" * …
[2026-07-21 21:00:36] CELL 73 DONE OK after 0.1 min
[2026-07-21 21:00:37] RESUME CELL 76 (41/60) BEGIN | # TEST: VALIDATION THRESHOLD 30 Missing Teeth Detection (10 Cases) print("=" * 60) print("…
[2026-07-21 21:01:33] CELL 76 DONE OK after 0.9 min
[2026-07-21 21:01:33] RESUME CELL 78 (42/60) BEGIN | # EVALUATION: VALIDATION THRESHOLD 30 Missing Teeth Detection (50 Cases) print("=" * 60) p…
[2026-07-21 21:08:32] CELL 78 DONE OK after 7.0 min
[2026-07-21 21:08:34] checkpoint saved -> llava_evaluation_executed_from18_20260721_203746.ipynb
[2026-07-21 21:08:34] RESUME CELL 80 (43/60) BEGIN | # BOOTSTRAP ANALYSIS: VALIDATION THRESHOLD 30 Missing Teeth Detection Results print("=" * …
[2026-07-21 21:08:37] CELL 80 DONE OK after 0.1 min
[2026-07-21 21:08:38] RESUME CELL 82 (44/60) BEGIN | # COMPREHENSIVE BOOTSTRAP COMPARISON: RAW vs TH15 vs TH30 print("=" * 80) print("COMPREHEN…
[2026-07-21 21:08:42] CELL 82 DONE OK after 0.1 min
[2026-07-21 21:08:42] RESUME CELL 84 (45/60) BEGIN | # Calculate and display improved metrics if 'results_improved_10' in locals() and results_…
[2026-07-21 21:08:42] CELL 84 DONE OK after 0.0 min
[2026-07-21 21:08:43] checkpoint saved -> llava_evaluation_executed_from18_20260721_203746.ipynb
[2026-07-21 21:08:43] RESUME CELL 86 (46/60) BEGIN | # Save Missing Teeth Evaluation Results import time import json timestamp = time.strftime(…
[2026-07-21 21:08:43] CELL 86 DONE OK after 0.0 min
[2026-07-21 21:08:43] RESUME CELL 88 (47/60) BEGIN | # REAL DATA BOOTSTRAP ANALYSIS: 50-Case Evaluation Results print("=" * 80) print("REAL DAT…
[2026-07-21 21:08:43] CELL 88 DONE OK after 0.0 min
[2026-07-21 21:08:44] RESUME CELL 94 (48/60) BEGIN | # FIXED: Function to run LLaVA with custom prompts for different strategies def run_dental…
[2026-07-21 21:08:44] CELL 94 DONE OK after 0.0 min
[2026-07-21 21:08:44] checkpoint saved -> llava_evaluation_executed_from18_20260721_203746.ipynb
[2026-07-21 21:08:44] RESUME CELL 96 (49/60) BEGIN | # PROMPTING STRATEGIES CLASS class PromptingStrategies: """Comprehensive prompting strateg…
[2026-07-21 21:08:44] CELL 96 DONE OK after 0.0 min
[2026-07-21 21:08:44] RESUME CELL 98 (50/60) BEGIN | # ENHANCED EVALUATION METRICS FOR PROMPTING STRATEGIES class PromptingStrategyEvaluator: "…
[2026-07-21 21:08:44] CELL 98 DONE OK after 0.0 min
[2026-07-21 21:08:44] RESUME CELL 100 (51/60) BEGIN | # COMPREHENSIVE PROMPTING STRATEGY EVALUATION PIPELINE class ComprehensivePromptingEvaluat…
[2026-07-21 21:08:44] CELL 100 DONE OK after 0.0 min
[2026-07-21 21:08:45] checkpoint saved -> llava_evaluation_executed_from18_20260721_203746.ipynb
[2026-07-21 21:08:45] RESUME CELL 102 (52/60) BEGIN | # VISUALIZATION AND ANALYSIS TOOLS class PromptingStrategyVisualizer: """Visualization too…
[2026-07-21 21:08:45] CELL 102 DONE OK after 0.0 min
[2026-07-21 21:08:45] RESUME CELL 104 (53/60) BEGIN | def run_comprehensive_prompting_evaluation(): """Execute comprehensive prompting strategy …
[2026-07-21 21:08:45] CELL 104 DONE OK after 0.0 min
[2026-07-21 21:08:45] RESUME CELL 106 (54/60) BEGIN | # QUICK TEST WITH 10 CASES (FOR TESTING) def run_10_case_test( test_cases=None, strategies…
[2026-07-21 21:08:45] CELL 106 DONE OK after 0.0 min
[2026-07-21 21:08:46] checkpoint saved -> llava_evaluation_executed_from18_20260721_203746.ipynb
[2026-07-21 21:08:46] RESUME CELL 109 (55/60) BEGIN | # EXECUTE THE FIXED EVALUATION print(" STARTING FIXED EVALUATION EXECUTION (10 Cases)") pr…
[2026-07-21 21:24:42] CELL 109 DONE OK after 15.9 min
[2026-07-21 21:24:42] RESUME CELL 112 (56/60) BEGIN | # COMPREHENSIVE 50-CASE EVALUATION def run_50_case_evaluation( test_cases=None, strategies…
[2026-07-21 21:24:42] CELL 112 DONE OK after 0.0 min
[2026-07-21 21:24:42] RESUME CELL 113 (57/60) BEGIN | # EXECUTE THE FIXED EVALUATION print(" STARTING FIXED EVALUATION EXECUTION (50 Cases)") pr…
[2026-07-21 21:24:42] CELL 113 DONE OK after 0.0 min
[2026-07-21 21:24:44] checkpoint saved -> llava_evaluation_executed_from18_20260721_203746.ipynb
[2026-07-21 21:24:44] RESUME CELL 115 (58/60) BEGIN | # FIXED EVALUATION PIPELINE def run_fixed_50_case_evaluation(): """Run 50-case evaluation …
[2026-07-21 21:24:44] CELL 115 DONE OK after 0.0 min
[2026-07-21 21:24:44] RESUME CELL 117 (59/60) BEGIN | # SIMPLE VISUALIZATION FUNCTION def create_simple_visualizations(results): """Create simpl…
[2026-07-21 21:24:48] CELL 117 DONE OK after 0.1 min
[2026-07-21 21:24:48] RESUME CELL 119 (60/60) BEGIN | # BOOTSTRAP ANALYSIS: PROMPTING STRATEGY COMPARISON (10 Cases) print("=" * 80) print("BOOT…
[2026-07-21 21:24:52] CELL 119 DONE OK after 0.1 min
[2026-07-21 21:24:53] checkpoint saved -> llava_evaluation_executed_from18_20260721_203746.ipynb
[2026-07-21 21:24:57] FINISHED resume-from-18 in 0.79 hours (47.2 min)
[2026-07-21 21:24:57] executed notebook: /home/s222393187/Dental/runs/llava_evaluation_executed_from18_20260721_203746.ipynb
