[01:27:18] cases=1000 models=['llava', 'llava_med', 'huatuogpt_vision', 'dentvlm'] strategy=zero_shot parse_mode=strict aggregation=pooled_slots scoring=parsed_Missing_teeth_line_only
[01:27:18] GT slot support: Missing n=6741  Present n=25259  slots=32000
[01:27:18] === LLaVA-1.5-7B (llava-hf/llava-1.5-7b-hf) ===
[01:28:34] loaded in 44.1s on cuda:0
[01:29:47]   10/1000 cases done
[01:30:40]   20/1000 cases done
[01:31:25]   30/1000 cases done
[01:32:33]   40/1000 cases done
[01:33:57]   50/1000 cases done
[01:35:05]   60/1000 cases done
[01:36:10]   70/1000 cases done
[01:37:17]   80/1000 cases done
[01:38:06]   90/1000 cases done
[01:38:58]   100/1000 cases done
[01:39:51]   110/1000 cases done
[01:41:02]   120/1000 cases done
[01:42:26]   130/1000 cases done
[01:43:12]   140/1000 cases done
[01:44:27]   150/1000 cases done
[01:45:24]   160/1000 cases done
[01:46:14]   170/1000 cases done
[01:47:05]   180/1000 cases done
[01:48:05]   190/1000 cases done
[01:49:18]   200/1000 cases done
[01:50:14]   210/1000 cases done
[01:51:40]   220/1000 cases done
[01:52:47]   230/1000 cases done
[01:53:50]   240/1000 cases done
[01:55:09]   250/1000 cases done
[01:56:14]   260/1000 cases done
[01:57:27]   270/1000 cases done
[01:59:50]   280/1000 cases done
[02:01:24]   290/1000 cases done
[02:02:51]   300/1000 cases done
[02:04:12]   310/1000 cases done
[02:05:27]   320/1000 cases done
[02:07:00]   330/1000 cases done
[02:08:18]   340/1000 cases done
[02:09:50]   350/1000 cases done
[02:11:26]   360/1000 cases done
[02:12:29]   370/1000 cases done
[02:13:38]   380/1000 cases done
[02:15:06]   390/1000 cases done
[02:16:06]   400/1000 cases done
[02:17:09]   410/1000 cases done
[02:18:02]   420/1000 cases done
[02:19:23]   430/1000 cases done
[02:20:46]   440/1000 cases done
[02:21:43]   450/1000 cases done
[02:22:50]   460/1000 cases done
[02:23:52]   470/1000 cases done
[02:25:22]   480/1000 cases done
[02:26:35]   490/1000 cases done
[02:27:15]   500/1000 cases done
[02:28:27]   510/1000 cases done
[02:29:23]   520/1000 cases done
[02:30:41]   530/1000 cases done
[02:31:54]   540/1000 cases done
[02:32:41]   550/1000 cases done
[02:33:58]   560/1000 cases done
[02:35:05]   570/1000 cases done
[02:36:19]   580/1000 cases done
[02:37:28]   590/1000 cases done
[02:38:21]   600/1000 cases done
[02:39:39]   610/1000 cases done
[02:40:56]   620/1000 cases done
[02:42:07]   630/1000 cases done
[02:42:57]   640/1000 cases done
[02:43:49]   650/1000 cases done
[02:44:38]   660/1000 cases done
